Program
  List
    Fun
      TypeDecl Type="int"
      IdDecl Decl="expr"
      Param
        List
      Block
        List
          DeclStmt
            TypeDecl Type="int"
            IdDecl Decl="x"
            Opt
          DeclStmt
            TypeDecl Type="int"
            IdDecl Decl="y"
            Opt
          DeclStmt
            TypeDecl Type="int"
            IdDecl Decl="k"
            Opt
          DeclStmt
            TypeDecl Type="int"
            IdDecl Decl="ans"
            Opt
          AssignStmt
            ID ID="x"
            Literal NUMERAL="2"
          AssignStmt
            ID ID="y"
            Literal NUMERAL="3"
          AssignStmt
            ID ID="k"
            Literal NUMERAL="5"
          AssignStmt
            ID ID="ans"
            Mod
              Sub
                Plus
                  ID ID="x"
                  Mul
                    Plus
                      Literal NUMERAL="2"
                      Literal NUMERAL="3"
                    Literal NUMERAL="2"
                Div
                  Literal NUMERAL="4"
                  Literal NUMERAL="2"
              Literal NUMERAL="2"
