Program
  List
    Fun
      IntType ID="int"
      IdDecl ID="sub"
      Param
        List
      Block
        List
          DeclStmt
            IntType ID="int"
            IdDecl ID="x"
            Opt
          DeclStmt
            IntType ID="int"
            IdDecl ID="y"
            Opt
          AssignStmt
            IdUse ID="x"
            Literal NUMERAL="2"
          AssignStmt
            IdUse ID="y"
            Literal NUMERAL="3"
          DeclStmt
            IntType ID="int"
            IdDecl ID="k"
            Opt
          AssignStmt
            IdUse ID="k"
            Sub
              IdUse ID="y"
              IdUse ID="x"
          AssignStmt
            IdUse ID="k"
            Sub
              Literal NUMERAL="5"
              Literal NUMERAL="2"
